2025/03/20 06:51:44 Login Packet: IMEI=086744006052792680662121 Serial=30
2025/03/20 06:51:44 Heartbeat: Battery=6 GSM=4 Serial=31
2025/03/20 06:51:44 Invalid packet received
2025/03/20 06:54:41 Login Packet: IMEI=086744006052792680662121 Serial=33
2025/03/20 06:54:41 Heartbeat: Battery=6 GSM=4 Serial=34
2025/03/20 06:54:41 Invalid packet received
2025/03/20 06:59:42 Heartbeat: Battery=6 GSM=4 Serial=36
2025/03/20 07:04:42 Heartbeat: Battery=6 GSM=4 Serial=37
2025/03/20 07:04:42 Invalid packet received
2025/03/20 07:09:11 Login Packet: IMEI=086744006052792680662121 Serial=39
2025/03/20 07:09:11 Heartbeat: Battery=6 GSM=4 Serial=40
2025/03/20 07:09:11 Invalid packet received
2025/03/20 07:14:11 Heartbeat: Battery=6 GSM=4 Serial=42
2025/03/20 07:19:12 Heartbeat: Battery=6 GSM=4 Serial=43
2025/03/20 07:19:12 Invalid packet received
2025/03/20 07:24:11 Heartbeat: Battery=6 GSM=4 Serial=45
2025/03/20 07:29:11 Heartbeat: Battery=6 GSM=4 Serial=46
2025/03/20 07:29:12 Invalid packet received
2025/03/20 07:34:11 Heartbeat: Battery=6 GSM=4 Serial=48
2025/03/20 07:39:12 Heartbeat: Battery=6 GSM=4 Serial=49
2025/03/20 07:39:12 Invalid packet received
2025/03/20 07:44:12 Heartbeat: Battery=6 GSM=4 Serial=51
2025/03/20 07:49:12 Heartbeat: Battery=6 GSM=4 Serial=52
2025/03/20 07:49:12 Invalid packet received
2025/03/20 07:54:12 Heartbeat: Battery=6 GSM=4 Serial=54
2025/03/20 07:59:11 Heartbeat: Battery=6 GSM=4 Serial=55
2025/03/20 07:59:12 Invalid packet received
2025/03/20 08:04:12 Heartbeat: Battery=6 GSM=4 Serial=57
2025/03/20 08:09:12 Heartbeat: Battery=6 GSM=4 Serial=58
2025/03/20 08:09:12 Invalid packet received
2025/03/20 08:14:11 Heartbeat: Battery=6 GSM=4 Serial=60
2025/03/20 08:19:11 Heartbeat: Battery=6 GSM=4 Serial=61
2025/03/20 08:19:12 Invalid packet received
2025/03/20 08:24:12 Heartbeat: Battery=6 GSM=4 Serial=63
2025/03/20 08:29:12 Heartbeat: Battery=6 GSM=4 Serial=64
2025/03/20 08:29:12 Invalid packet received
2025/03/20 08:34:11 Heartbeat: Battery=6 GSM=4 Serial=66
2025/03/20 08:39:12 Heartbeat: Battery=6 GSM=4 Serial=67
2025/03/20 08:39:12 Invalid packet received
2025/03/20 08:44:12 Heartbeat: Battery=6 GSM=4 Serial=69
2025/03/20 08:49:11 Heartbeat: Battery=6 GSM=4 Serial=70
2025/03/20 08:49:12 Invalid packet received
2025/03/20 08:54:12 Heartbeat: Battery=6 GSM=4 Serial=72
2025/03/20 08:59:12 Heartbeat: Battery=6 GSM=4 Serial=73
2025/03/20 08:59:12 Invalid packet received
2025/03/20 09:04:12 Heartbeat: Battery=6 GSM=4 Serial=75
2025/03/20 09:09:12 Heartbeat: Battery=6 GSM=4 Serial=76
2025/03/20 09:09:12 Invalid packet received
2025/03/20 09:14:12 Heartbeat: Battery=6 GSM=4 Serial=78
2025/03/20 09:19:11 Heartbeat: Battery=6 GSM=4 Serial=79
2025/03/20 09:19:12 Invalid packet received
2025/03/20 09:24:12 Heartbeat: Battery=6 GSM=4 Serial=81
2025/03/20 09:29:11 Heartbeat: Battery=6 GSM=4 Serial=82
2025/03/20 09:29:12 Invalid packet received
2025/03/20 09:34:12 Heartbeat: Battery=6 GSM=4 Serial=84
2025/03/20 09:36:52 Login Packet: IMEI=086744006052792680662121 Serial=85
2025/03/20 09:36:52 Heartbeat: Battery=6 GSM=4 Serial=86
2025/03/20 09:36:52 Unknown protocol: 0x94
2025/03/20 09:41:52 Heartbeat: Battery=6 GSM=4 Serial=91
2025/03/20 09:42:56 Login Packet: IMEI=086744006052792680662121 Serial=92
2025/03/20 09:42:56 Heartbeat: Battery=6 GSM=4 Serial=93
2025/03/20 09:42:57 Unknown protocol: 0x94
2025/03/20 09:45:39 Login Packet: IMEI=086744006052792680662121 Serial=95
2025/03/20 09:45:39 Heartbeat: Battery=6 GSM=4 Serial=96
2025/03/20 09:45:39 Unknown protocol: 0x94
2025/03/20 09:50:40 Heartbeat: Battery=6 GSM=4 Serial=98
2025/03/20 09:55:40 Heartbeat: Battery=6 GSM=4 Serial=99
2025/03/20 09:55:40 Unknown protocol: 0x94
2025/03/20 10:00:40 Heartbeat: Battery=6 GSM=4 Serial=101
2025/03/20 10:02:15 protocol 1
2025/03/20 10:02:15 Login Packet: IMEI=086744006052792680662121 Serial=102
2025/03/20 10:02:15 protocol 19
2025/03/20 10:02:15 Heartbeat: Battery=6 GSM=4 Serial=103
2025/03/20 10:02:16 protocol 148
2025/03/20 10:02:16 Unknown protocol: 0x94
2025/03/20 10:07:16 protocol 19
2025/03/20 10:07:16 Heartbeat: Battery=6 GSM=4 Serial=105
2025/03/20 10:10:19 protocol 1
2025/03/20 10:10:19 Login Packet: {086744006052792680662121 106 1}
2025/03/20 10:10:19 protocol 19
2025/03/20 10:10:19 Heartbeat 6
2025/03/20 10:10:20 protocol 148
2025/03/20 10:10:20 protocol 94
2025/03/20 10:12:46 protocol 1
2025/03/20 10:12:46 Login Packet: 086744006052792680662121 109 1
2025/03/20 10:12:46 protocol 19
2025/03/20 10:12:46 Heartbeat 6 4 19 110 4
2025/03/20 10:12:46 protocol 148
2025/03/20 10:12:46 protocol 94
2025/03/20 10:17:47 protocol 19
2025/03/20 10:17:47 Heartbeat 6 4 19 112 4
2025/03/20 10:22:47 protocol 19
2025/03/20 10:22:47 Heartbeat 6 4 19 113 4
2025/03/20 10:22:47 protocol 148
2025/03/20 10:22:47 protocol 94
2025/03/20 10:27:47 protocol 19
2025/03/20 10:27:47 Heartbeat 6 4 19 115 4
2025/03/20 10:29:04 Server listening on :5023
2025/03/20 10:29:09 Client connected: 110.224.17.215:12520
2025/03/20 10:29:09 Received: 787811010867440060527926806621210074BB0E0D0A
2025/03/20 10:29:09 serial 116
2025/03/20 10:29:09 Processing protocol: 0x01 
2025/03/20 10:29:09 ✅ Login packet - IMEI: 0867440060527926, Serial: 116
2025/03/20 10:29:09 Sent response: 787805010074FDF60D0A
2025/03/20 10:29:09 Received: 78780A13040604000200754F710D0A
2025/03/20 10:29:09 serial 117
2025/03/20 10:29:09 Processing protocol: 0x13 
2025/03/20 10:29:09 ✅ Heartbeat - Battery: 6, GSM: 4, TermInfo: 00000100, Serial: 117
2025/03/20 10:29:09 Sent response: 787805130075DC520D0A
2025/03/20 10:29:09 Received: 797900089400038D0076CACE0D0A
2025/03/20 10:29:09 serial 51918
2025/03/20 10:29:09 Processing protocol: 0x94 
2025/03/20 10:29:09 ℹ️ Information transmission packet
2025/03/20 10:31:12 Received: 787826221903140A1E3ACF026C304C097CEFFE07146001941F108300BD44000200000000000077328A0D0A
2025/03/20 10:31:12 serial 119
2025/03/20 10:31:12 Processing protocol: 0x22 
2025/03/20 10:31:12 ✅ Location - Lat: 22.580380, Lon: 88.434914, Speed: 7, Course: 5216, Serial: 119
2025/03/20 10:33:15 Server listening on :5023
2025/03/20 10:33:32 Client connected: 110.224.17.215:12522
2025/03/20 10:33:34 Received: 78781101086744006052792680662121007871620D0A
2025/03/20 10:33:34 serial 120
2025/03/20 10:33:34 Processing protocol: 0x01 
2025/03/20 10:33:34 ✅ Login packet - IMEI: 0867440060527926, Serial: 120
2025/03/20 10:33:34 Sent response: 787805010078379A0D0A
2025/03/20 10:33:43 Received: 78780A1344060400020079421B0D0A
2025/03/20 10:33:43 serial 121
2025/03/20 10:33:43 Processing protocol: 0x13 
2025/03/20 10:33:43 ✅ Heartbeat - Battery: 6, GSM: 4, TermInfo: 01000100, Serial: 121
2025/03/20 10:33:43 Sent response: 787805130079163E0D0A
2025/03/20 10:33:51 Received: 7979000894000388007A391F0D0A
2025/03/20 10:33:51 serial 14623
2025/03/20 10:33:51 Processing protocol: 0x94 
2025/03/20 10:33:51 ℹ️ Information transmission packet
2025/03/20 10:36:37 Server listening on :5023
2025/03/20 10:36:42 Client connected: 110.224.17.215:12523
2025/03/20 10:36:42 Received: 78781101086744006052792680662121007B43F90D0A
2025/03/20 10:36:42 serial 123
2025/03/20 10:36:42 Processing protocol: 0x01 
2025/03/20 10:36:42 ✅ Login packet - IMEI: 0867440060527926, Serial: 123
2025/03/20 10:36:42 Sent response: 78780501007B05010D0A
2025/03/20 10:36:42 Received: 78780A134406040002007C15B60D0A
2025/03/20 10:36:42 serial 124
2025/03/20 10:36:42 Processing protocol: 0x13 
2025/03/20 10:36:42 ✅ Heartbeat - Battery: 6, GSM: 4, TermInfo: 01000100, Serial: 124
2025/03/20 10:36:42 Sent response: 78780513007C41930D0A
2025/03/20 10:36:42 Received: 7979000894000303007D68EA0D0A
2025/03/20 10:36:42 serial 26858
2025/03/20 10:36:42 Processing protocol: 0x94 
2025/03/20 10:36:42 ℹ️ Information transmission packet
2025/03/20 10:39:32 Received: 78780A134606040002007E011F0D0A
2025/03/20 10:39:32 serial 126
2025/03/20 10:39:32 Processing protocol: 0x13 
2025/03/20 10:39:32 ✅ Heartbeat - Battery: 6, GSM: 4, TermInfo: 01000110, Serial: 126
2025/03/20 10:39:32 Sent response: 78780513007E62810D0A
2025/03/20 10:39:32 Received: 787826221903140A271BCF026C3049097CF3ED09147001941F108300BD4401030000000039007F214F0D0A
2025/03/20 10:39:32 serial 127
2025/03/20 10:39:32 Processing protocol: 0x22 
2025/03/20 10:39:32 ✅ Location - Lat: 22.580378, Lon: 88.435474, Speed: 9, Course: 5232, Serial: 127
2025/03/20 10:39:41 Received: 787826221903140A2724C5026C3049097CF54108145B01941F108300BD440102000000004C008026580D0A
2025/03/20 10:39:41 serial 128
2025/03/20 10:39:41 Processing protocol: 0x22 
2025/03/20 10:39:41 ✅ Location - Lat: 22.580378, Lon: 88.435663, Speed: 8, Course: 5211, Serial: 128
2025/03/20 10:40:40 Received: 78780A1300060400020082A3370D0A
2025/03/20 10:40:40 serial 130
2025/03/20 10:40:40 Processing protocol: 0x13 
2025/03/20 10:40:40 ✅ Heartbeat - Battery: 6, GSM: 4, TermInfo: 00000000, Serial: 130
2025/03/20 10:40:40 Sent response: 7878051300825F620D0A
2025/03/20 10:40:40 Received: 787826221903140A2826C3026C3055097CF55510046B01941F108300BD440003010000004C00818F690D0A
2025/03/20 10:40:40 serial 129
2025/03/20 10:40:40 Processing protocol: 0x22 
2025/03/20 10:40:40 ✅ Location - Lat: 22.580385, Lon: 88.435674, Speed: 16, Course: 1131, Serial: 129
2025/03/20 10:41:34 Received: 787825261903140A2921C3026C3055097CF55510046B0901941F108300BD4310060402020083E41E0D0A
2025/03/20 10:41:34 serial 131
2025/03/20 10:41:34 Processing protocol: 0x26 
2025/03/20 10:41:34 ⚠️ Unknown protocol: 0x26
2025/03/20 10:42:34 Connection error: EOF
2025/03/20 10:42:38 Client connected: 110.224.17.215:12526
2025/03/20 10:42:38 Received: 7878110108674400605279268066212100844C810D0A
2025/03/20 10:42:38 serial 132
2025/03/20 10:42:38 Processing protocol: 0x01 
2025/03/20 10:42:38 ✅ Login packet - IMEI: 0867440060527926, Serial: 132
2025/03/20 10:42:38 Sent response: 7878050100840A790D0A
2025/03/20 10:42:39 Received: 78780A1300060400020085D7880D0A
2025/03/20 10:42:39 serial 133
2025/03/20 10:42:39 Processing protocol: 0x13 
2025/03/20 10:42:39 ✅ Heartbeat - Battery: 6, GSM: 4, TermInfo: 00000000, Serial: 133
2025/03/20 10:42:39 Sent response: 7878051300852BDD0D0A
2025/03/20 10:42:39 Received: 79790008940000000086EB1F0D0A
2025/03/20 10:42:39 serial 60191
2025/03/20 10:42:39 Processing protocol: 0x94 
2025/03/20 10:42:39 ℹ️ Information transmission packet
2025/03/20 10:46:58 Server listening on :5023
2025/03/20 10:47:13 Client connected: 110.224.17.215:12527
2025/03/20 10:47:13 Received: 7878110108674400605279268066212100877E1A0D0A
2025/03/20 10:47:13 serial 135
2025/03/20 10:47:13 Processing protocol: 0x01 
2025/03/20 10:47:13 ✅ Login packet - IMEI: 0867440060527926, Serial: 135
2025/03/20 10:47:13 Sent response: 78780501008738E20D0A
2025/03/20 10:47:14 Received: 78780A1304060400020088631B0D0A
2025/03/20 10:47:14 serial 136
